spoof test
